
> subhan-tech@0.1.0 build
> next build

   Γû▓ Next.js 15.1.4
   - Environments: .env.local

node.exe : 
At line:1 char:1
+ & "C:\Program 
Files\nodejs/node.exe" 
"C:\Program 
Files\nodejs/node_mo ...
+ ~~~~~~~~~~~~~~~~~~~~~~~~~~~
~~~~~~~~~~~~~~~~~~~~~~~~~~~~~
~~~~~~~~~~~~~
    + CategoryInfo           
   : NotSpecified: (:String  
  ) [], RemoteException
    + FullyQualifiedErrorId  
   : NativeCommandError
 
> Build error occurred
Error: You cannot use 
different slug names for the 
same dynamic path ('id' !== 
'slug').
    at Array.forEach 
(<anonymous>)
